// Jest Snapshot v1, https://goo.gl/fbAQLP

exports[`Tweets matches a snapshot 1`] = `
<section
  id="all-tweets"
>
  <article
    style={
      Object {
        "padding": ".8em",
      }
    }
  >
    <img
      alt="profile-pic"
      className="img"
      src="../../assets/circle_sm.png"
    />
    <h3
      className="h3"
    >
      Aasdfa
    </h3>
    <span
      className="span"
    >
      Lorem ipsum dolor sit amet, uioua adipiscing elit, sed do eiusmod. #asdfasdf #tehklj
    </span>
  </article>
  <article
    style={
      Object {
        "padding": ".8em",
      }
    }
  >
    <img
      alt="profile-pic"
      className="img"
      src="../../assets/circle_sm.png"
    />
    <h3
      className="h3"
    >
      Tio
    </h3>
    <span
      className="span"
    >
      Ut enim ad minim veniam, @jlakdsf quis nostrud #lkjasfd
    </span>
  </article>
</section>
`;
