// Jest Snapshot v1, https://goo.gl/fbAQLP

exports[`Tweet matches a snapshot 1`] = `
Array [
  <img
    alt="profile-pic"
    src="../../assets/circle_sm.png"
    style={
      Object {
        "float": "left",
        "padding": ".1em .5em 0 0",
      }
    }
  />,
  <h3
    style={
      Object {
        "display": "inline",
      }
    }
  >
    Aasdfa
  </h3>,
  <span
    style={
      Object {
        "display": "block",
      }
    }
  >
    Lorem ipsum dolor sit amet, uioua adipiscing elit, sed do eiusmod. #asdfasdf #tehklj
  </span>,
]
`;
